
Discarded input sections

 .text          0x00000000        0x0 /tmp/ccjiYir3.o
 .data          0x00000000        0x0 /tmp/ccjiYir3.o
 .bss           0x00000000        0x0 /tmp/ccjiYir3.o
 .comment       0x00000000       0x27 /tmp/ccjiYir3.o
 .text          0x00000000        0x0 /tmp/cc2xWGxJ.o
 .data          0x00000000        0x0 /tmp/cc2xWGxJ.o
 .bss           0x00000000        0x0 /tmp/cc2xWGxJ.o
 .comment       0x00000000       0x27 /tmp/cc2xWGxJ.o
 .text          0x00000000        0x0 /tmp/ccEXFn74.o
 .data          0x00000000        0x0 /tmp/ccEXFn74.o
 .bss           0x00000000        0x0 /tmp/ccEXFn74.o
 .comment       0x00000000       0x27 /tmp/ccEXFn74.o
 .text          0x00000000        0x0 /tmp/ccETI1D3.o
 .data          0x00000000        0x0 /tmp/ccETI1D3.o
 .bss           0x00000000        0x0 /tmp/ccETI1D3.o
 .comment       0x00000000       0x27 /tmp/ccETI1D3.o
 .text          0x00000000        0x0 /tmp/cctPr9bb.o
 .data          0x00000000        0x0 /tmp/cctPr9bb.o
 .bss           0x00000000        0x0 /tmp/cctPr9bb.o
 .comment       0x00000000       0x27 /tmp/cctPr9bb.o
 .text          0x00000000        0x0 /tmp/ccwLpsDq.o
 .data          0x00000000        0x0 /tmp/ccwLpsDq.o
 .bss           0x00000000        0x0 /tmp/ccwLpsDq.o
 .text.ring_count
                0x00000000        0x8 /tmp/ccwLpsDq.o
 .comment       0x00000000       0x27 /tmp/ccwLpsDq.o
 .text          0x00000000        0x0 /tmp/ccavvJsz.o
 .data          0x00000000        0x0 /tmp/ccavvJsz.o
 .bss           0x00000000        0x0 /tmp/ccavvJsz.o
 .comment       0x00000000       0x27 /tmp/ccavvJsz.o
 .text          0x00000000        0x0 /tmp/ccgUCieZ.o
 .data          0x00000000        0x0 /tmp/ccgUCieZ.o
 .bss           0x00000000        0x0 /tmp/ccgUCieZ.o
 .comment       0x00000000       0x27 /tmp/ccgUCieZ.o

Memory Configuration

Name             Origin             Length             Attributes
FLASH            0x08000000         0x00080000         xr
RAM              0x20000000         0x00020000         xrw
*default*        0x00000000         0xffffffff

Linker script and memory map

LOAD /tmp/ccjiYir3.o
LOAD /tmp/cc2xWGxJ.o
LOAD /tmp/ccEXFn74.o
LOAD /tmp/ccETI1D3.o
LOAD /tmp/cctPr9bb.o
LOAD /tmp/ccwLpsDq.o
LOAD /tmp/ccavvJsz.o
LOAD /tmp/ccgUCieZ.o
                0x20020000                        _estack = (ORIGIN (RAM) + LENGTH (RAM))

.isr_vector     0x08000000       0x40
                0x08000000                        . = ALIGN (0x4)
 *(.isr_vector)
 .isr_vector    0x08000000       0x40 /tmp/ccEXFn74.o
                0x08000000                vector_table
                0x08000040                        . = ALIGN (0x4)

.text           0x08000040      0x6bc
                0x08000040                        . = ALIGN (0x4)
 *(.text*)
 .text.startup.main
                0x08000040       0x1c /tmp/ccjiYir3.o
                0x08000040                main
 .text.stm_millis
                0x0800005c        0xc /tmp/cc2xWGxJ.o
 .text.stm_led  0x08000068       0x14 /tmp/cc2xWGxJ.o
 .text.stm_write
                0x0800007c       0x1c /tmp/cc2xWGxJ.o
 .text.stm_getc
                0x08000098       0x1a /tmp/cc2xWGxJ.o
 *fill*         0x080000b2        0x2 
 .text.SysTick_Handler
                0x080000b4       0x10 /tmp/cc2xWGxJ.o
                0x080000b4                SysTick_Handler
 .text.hal_stm32_init
                0x080000c4       0x70 /tmp/cc2xWGxJ.o
                0x080000c4                hal_stm32_init
 .text.Default_Handler
                0x08000134        0x2 /tmp/ccEXFn74.o
                0x08000134                HardFault_Handler
                0x08000134                NMI_Handler
                0x08000134                Default_Handler
 *fill*         0x08000136        0x2 
 .text.Reset_Handler
                0x08000138       0x40 /tmp/ccEXFn74.o
                0x08000138                Reset_Handler
 .text.say.isra.0
                0x08000178        0x6 /tmp/ccETI1D3.o
 .text.say_temp
                0x0800017e       0x1a /tmp/ccETI1D3.o
 .text.say_u32  0x08000198       0x1a /tmp/ccETI1D3.o
 *fill*         0x080001b2        0x2 
 .text.logger_state_name
                0x080001b4       0x18 /tmp/ccETI1D3.o
                0x080001b4                logger_state_name
 .text.logger_init
                0x080001cc       0x30 /tmp/ccETI1D3.o
                0x080001cc                logger_init
 .text.logger_poll
                0x080001fc      0x218 /tmp/ccETI1D3.o
                0x080001fc                logger_poll
 .text.str_eq   0x08000414       0x1a /tmp/cctPr9bb.o
 .text.parser_init
                0x0800042e        0x8 /tmp/cctPr9bb.o
                0x0800042e                parser_init
 *fill*         0x08000436        0x2 
 .text.parser_feed
                0x08000438      0x108 /tmp/cctPr9bb.o
                0x08000438                parser_feed
 .text.ring_init
                0x08000540        0x8 /tmp/ccwLpsDq.o
                0x08000540                ring_init
 .text.ring_push
                0x08000548       0x3a /tmp/ccwLpsDq.o
                0x08000548                ring_push
 .text.ring_at  0x08000582       0x26 /tmp/ccwLpsDq.o
                0x08000582                ring_at
 .text.temp_from_raw
                0x080005a8       0x1c /tmp/ccavvJsz.o
                0x080005a8                temp_from_raw
 .text.u32_to_dec
                0x080005c4       0x68 /tmp/ccavvJsz.o
                0x080005c4                u32_to_dec
 .text.temp_format
                0x0800062c       0x8e /tmp/ccavvJsz.o
                0x0800062c                temp_format
 *fill*         0x080006ba        0x2 
 .text.sim_sensor_read
                0x080006bc       0x40 /tmp/ccgUCieZ.o
                0x080006bc                sim_sensor_read
                0x080006fc                        . = ALIGN (0x4)

.glue_7         0x080006fc        0x0
 .glue_7        0x080006fc        0x0 linker stubs

.glue_7t        0x080006fc        0x0
 .glue_7t       0x080006fc        0x0 linker stubs

.vfp11_veneer   0x080006fc        0x0
 .vfp11_veneer  0x080006fc        0x0 linker stubs

.v4_bx          0x080006fc        0x0
 .v4_bx         0x080006fc        0x0 linker stubs

.iplt           0x080006fc        0x0
 .iplt          0x080006fc        0x0 /tmp/ccjiYir3.o

.rodata         0x080006fc       0xe0
                0x080006fc                        . = ALIGN (0x4)
 *(.rodata*)
 .rodata.stm_hal
                0x080006fc       0x14 /tmp/cc2xWGxJ.o
 .rodata.logger_state_name.str1.1
                0x08000710       0x96 /tmp/ccETI1D3.o
                                  0x2 (size before relaxing)
 .rodata.logger_poll.str1.1
                0x080007a6       0x63 /tmp/ccETI1D3.o
 .rodata.str1.1
                0x080007a6       0x14 /tmp/ccETI1D3.o
 *fill*         0x080007a6        0x2 
 .rodata.CSWTCH.10
                0x080007a8        0xc /tmp/ccETI1D3.o
 .rodata.parser_feed.str1.1
                0x080007b4       0x21 /tmp/cctPr9bb.o
 .rodata.wave   0x080007b4       0x28 /tmp/ccgUCieZ.o
                0x080007dc                        . = ALIGN (0x4)
                0x080007dc                        _sidata = LOADADDR (.data)

.rel.dyn        0x080007dc        0x0
 .rel.iplt      0x080007dc        0x0 /tmp/ccjiYir3.o

.data           0x20000000        0x0 load address 0x080007dc
                0x20000000                        . = ALIGN (0x4)
                0x20000000                        _sdata = .
 *(.data*)
                0x20000000                        . = ALIGN (0x4)
                0x20000000                        _edata = .

.igot.plt       0x20000000        0x0 load address 0x080007dc
 .igot.plt      0x20000000        0x0 /tmp/ccjiYir3.o

.bss            0x20000000       0xc4 load address 0x080007dc
                0x20000000                        . = ALIGN (0x4)
                0x20000000                        _sbss = .
 *(.bss*)
 .bss.lg.0      0x20000000       0xbc /tmp/ccjiYir3.o
 .bss.g_ms      0x200000bc        0x4 /tmp/cc2xWGxJ.o
 .bss.next_index
                0x200000c0        0x4 /tmp/ccgUCieZ.o
 *(COMMON)
                0x200000c4                        . = ALIGN (0x4)
                0x200000c4                        _ebss = .

/DISCARD/
 *(.ARM.exidx*)
 *(.comment)
                0x00000001                        ASSERT (((_ebss + 0x400) <= _estack), less than 1 KiB left for the stack)
OUTPUT(tlog_stm32.elf elf32-littlearm)
LOAD linker stubs

.ARM.attributes
                0x00000000       0x2e
 .ARM.attributes
                0x00000000       0x2e /tmp/ccjiYir3.o
 .ARM.attributes
                0x0000002e       0x2e /tmp/cc2xWGxJ.o
 .ARM.attributes
                0x0000005c       0x2e /tmp/ccEXFn74.o
 .ARM.attributes
                0x0000008a       0x2e /tmp/ccETI1D3.o
 .ARM.attributes
                0x000000b8       0x2e /tmp/cctPr9bb.o
 .ARM.attributes
                0x000000e6       0x2e /tmp/ccwLpsDq.o
 .ARM.attributes
                0x00000114       0x2e /tmp/ccavvJsz.o
 .ARM.attributes
                0x00000142       0x2e /tmp/ccgUCieZ.o
